============================= test session starts ==============================
platform linux -- Python 3.11.16, pytest-9.1.1, pluggy-1.6.0 -- /opt/hostedtoolcache/Python/3.11.16/x64/bin/python
cachedir: .pytest_cache
rootdir: /home/runner/work/epyc-root/epyc-root/app-source
configfile: pyproject.toml
collecting ... collected 12 items

tests/unit/test_contextbench_score.py::test_safe_posix_path_normalization_preserves_dotfiles_and_refuses_escape PASSED [  8%]
tests/unit/test_contextbench_score.py::test_duplicate_json_members_in_every_input_layer_are_refused PASSED [ 16%]
tests/unit/test_contextbench_score.py::test_scoring_deduplicates_overlapping_inclusive_spans_and_macro_averages_tasks PASSED [ 25%]
tests/unit/test_contextbench_score.py::test_empty_predictions_and_failures_are_zero_and_remain_in_macro_denominator PASSED [ 33%]
tests/unit/test_contextbench_score.py::test_pack_scopes_are_deterministic_and_map_full_slice_codemap_to_spans PASSED [ 41%]
tests/unit/test_contextbench_score.py::test_error_row_partial_outputs_are_preserved_but_score_zero_in_denominator PASSED [ 50%]
tests/unit/test_contextbench_score.py::test_error_row_malformed_partial_output_is_still_refused PASSED [ 58%]
tests/unit/test_contextbench_score.py::test_missing_prediction_or_duplicate_task_arm_is_refused PASSED [ 66%]
tests/unit/test_contextbench_score.py::test_safe_unresolvable_disposition_requires_exact_caller_audited_gold_paths PASSED [ 75%]
tests/unit/test_contextbench_score.py::test_disposition_manifest_must_cover_exact_rows_and_match_empty_gold PASSED [ 83%]
tests/unit/test_contextbench_score.py::test_candidate_rows_reject_duplicate_paths_invalid_ranges_and_bad_costs PASSED [ 91%]
tests/unit/test_contextbench_score.py::test_byte_entrypoint_refuses_blank_malformed_and_duplicate_rows PASSED [100%]

=============================== warnings summary ===============================
../../../../../../opt/hostedtoolcache/Python/3.11.16/x64/lib/python3.11/site-packages/_pytest/config/__init__.py:1464
  /opt/hostedtoolcache/Python/3.11.16/x64/lib/python3.11/site-packages/_pytest/config/__init__.py:1464: PytestConfigWarning: Unknown config option: asyncio_mode
  
    self._warn_or_fail_if_strict(f"Unknown config option: {key}\n")

-- Docs: https://docs.pytest.org/en/stable/how-to/capture-warnings.html
------ generated xml file: /home/runner/work/_temp/ni38-phase-a.junit.xml ------
======================== 12 passed, 1 warning in 0.15s =========================
