[warm] json                 wall=  14.66s decisions=24 failures= 0 reasons=[]
[warm] native_full          wall=   6.32s decisions=16 failures= 8 reasons=['native_unsupported_candidates']
[warm] native_short         wall=   3.02s decisions=16 failures= 8 reasons=['native_unsupported_candidates']
[warm] native_id_only       wall=   1.43s decisions=16 failures= 8 reasons=['native_unsupported_candidates']
[warm] native_pq1           wall=   2.06s decisions=16 failures= 8 reasons=['native_unsupported_candidates']
[warm] native_pq3           wall=   2.07s decisions=16 failures= 8 reasons=['native_unsupported_candidates']
[warm] native_pq3_id_only   wall=   5.60s decisions=16 failures= 8 reasons=['native_unsupported_candidates']
[r1] json                 wall=  15.45s decisions=24 failures= 0 reasons=[]
[r1] native_full          wall=   6.53s decisions=16 failures= 8 reasons=['native_unsupported_candidates']
[r1] native_short         wall=   2.96s decisions=16 failures= 8 reasons=['native_unsupported_candidates']
[r1] native_id_only       wall=   1.48s decisions=16 failures= 8 reasons=['native_unsupported_candidates']
[r1] native_pq1           wall=   2.10s decisions=16 failures= 8 reasons=['native_unsupported_candidates']
[r1] native_pq3           wall=   4.03s decisions=16 failures= 8 reasons=['native_unsupported_candidates']
[r1] native_pq3_id_only   wall=   2.36s decisions=16 failures= 8 reasons=['native_unsupported_candidates']
[r2] native_full          wall=   6.49s decisions=16 failures= 8 reasons=['native_unsupported_candidates']
[r2] native_short         wall=   2.97s decisions=16 failures= 8 reasons=['native_unsupported_candidates']
[r2] native_id_only       wall=   1.49s decisions=16 failures= 8 reasons=['native_unsupported_candidates']
[r2] native_pq1           wall=   2.08s decisions=16 failures= 8 reasons=['native_unsupported_candidates']
[r2] native_pq3           wall=   5.10s decisions=16 failures= 8 reasons=['native_unsupported_candidates']
[r2] native_pq3_id_only   wall=   2.20s decisions=15 failures= 9 reasons=['native_unknown_candidate', 'native_unsupported_candidates']
[r2] json                 wall=  14.62s decisions=24 failures= 0 reasons=[]
[r3] native_short         wall=   3.21s decisions=16 failures= 8 reasons=['native_unsupported_candidates']
[r3] native_id_only       wall=   1.43s decisions=16 failures= 8 reasons=['native_unsupported_candidates']
[r3] native_pq1           wall=   2.15s decisions=16 failures= 8 reasons=['native_unsupported_candidates']
[r3] native_pq3           wall=   6.23s decisions=16 failures= 8 reasons=['native_unsupported_candidates']
[r3] native_pq3_id_only   wall=   1.73s decisions=16 failures= 8 reasons=['native_unsupported_candidates']
[r3] json                 wall=  14.66s decisions=24 failures= 0 reasons=[]
[r3] native_full          wall=   6.47s decisions=16 failures= 8 reasons=['native_unsupported_candidates']
[r4] native_id_only       wall=   1.43s decisions=16 failures= 8 reasons=['native_unsupported_candidates']
[r4] native_pq1           wall=   2.05s decisions=16 failures= 8 reasons=['native_unsupported_candidates']
[r4] native_pq3           wall=   5.62s decisions=16 failures= 8 reasons=['native_unsupported_candidates']
[r4] native_pq3_id_only   wall=   2.81s decisions=15 failures= 9 reasons=['native_unknown_candidate', 'native_unsupported_candidates']
[r4] json                 wall=  11.34s decisions=24 failures= 0 reasons=[]
[r4] native_full          wall=   6.57s decisions=16 failures= 8 reasons=['native_unsupported_candidates']
[r4] native_short         wall=   2.97s decisions=15 failures= 9 reasons=['native_unknown_candidate', 'native_unsupported_candidates']
{
 "verdict": [
  {
   "arm": "native_full",
   "speedup_mean": 2.151295879350738,
   "agreement_pooled": {
    "agreeing": 60,
    "comparable": 64,
    "rate": 0.9375
   },
   "min_round_agreement_rate": 0.9375,
   "passes_bar": false
  },
  {
   "arm": "native_short",
   "speedup_mean": 4.628134095755079,
   "agreement_pooled": {
    "agreeing": 60,
    "comparable": 63,
    "rate": 0.9523809523809523
   },
   "min_round_agreement_rate": 0.9375,
   "passes_bar": false
  },
  {
   "arm": "native_id_only",
   "speedup_mean": 9.597613559416047,
   "agreement_pooled": {
    "agreeing": 60,
    "comparable": 64,
    "rate": 0.9375
   },
   "min_round_agreement_rate": 0.9375,
   "passes_bar": false
  },
  {
   "arm": "native_pq1",
   "speedup_mean": 6.692105011365146,
   "agreement_pooled": {
    "agreeing": 60,
    "comparable": 64,
    "rate": 0.9375
   },
   "min_round_agreement_rate": 0.9375,
   "passes_bar": false
  },
  {
   "arm": "native_pq3",
   "speedup_mean": 2.672625501862526,
   "agreement_pooled": {
    "agreeing": 60,
    "comparable": 64,
    "rate": 0.9375
   },
   "min_round_agreement_rate": 0.9375,
   "passes_bar": false
  },
  {
   "arm": "native_pq3_id_only",
   "speedup_mean": 6.167322671670324,
   "agreement_pooled": {
    "agreeing": 56,
    "comparable": 62,
    "rate": 0.9032258064516129
   },
   "min_round_agreement_rate": 0.8666666666666667,
   "passes_bar": false
  }
 ],
 "slot_busy_max_by_phase": {
  "idle": 0,
  "warm:json": 1,
  "warm:native_full": 1,
  "warm:native_short": 1,
  "warm:native_id_only": 1,
  "warm:native_pq1": 0,
  "warm:native_pq3": 2,
  "warm:native_pq3_id_only": 3,
  "r1:json": 1,
  "r1:native_full": 1,
  "r1:native_short": 1,
  "r1:native_id_only": 1,
  "r1:native_pq1": 1,
  "r1:native_pq3": 2,
  "r1:native_pq3_id_only": 2,
  "r2:native_full": 1,
  "r2:native_short": 1,
  "r2:native_id_only": 1,
  "r2:native_pq1": 1,
  "r2:native_pq3": 2,
  "r2:native_pq3_id_only": 1,
  "r2:json": 1,
  "r3:native_short": 1,
  "r3:native_id_only": 1,
  "r3:native_pq1": 0,
  "r3:native_pq3": 3,
  "r3:native_pq3_id_only": 1,
  "r3:json": 1,
  "r3:native_full": 1,
  "r4:native_id_only": 1,
  "r4:native_pq1": 0,
  "r4:native_pq3": 2,
  "r4:native_pq3_id_only": 3,
  "r4:json": 1,
  "r4:native_full": 1,
  "r4:native_short": 1,
  "after": 0
 }
}
