============================= test session starts ==============================
platform linux -- Python 3.11.14, pytest-9.0.3, pluggy-1.6.0
rootdir: /home/runner/work/epyc-root/epyc-root/app-fixtures
configfile: pyproject.toml
plugins: asyncio-1.3.0, langsmith-0.7.30, timeout-2.4.0, anyio-4.13.0, hypothesis-6.151.13, cov-7.1.0, xdist-3.8.0
asyncio: mode=Mode.AUTO, debug=False, asyncio_default_fixture_loop_scope=None, asyncio_default_test_loop_scope=function
collected 14 items

tests/unit/test_bench_core_claim_api_layer.py ..............             [100%]

=============================== warnings summary ===============================
../../../_temp/ni54-56-fixture-venv/lib/python3.11/site-packages/opentelemetry/util/_importlib_metadata.py:32
  /home/runner/work/_temp/ni54-56-fixture-venv/lib/python3.11/site-packages/opentelemetry/util/_importlib_metadata.py:32: DeprecationWarning: SelectableGroups dict interface is deprecated. Use select.
    return EntryPoints(ep for group_eps in eps.values() for ep in group_eps)

tests/unit/test_bench_core_claim_api_layer.py::test_lightonocr_spawn_pinned_off_bench_claim
  /home/runner/work/epyc-root/epyc-root/app-fixtures/src/services/lightonocr_llama_server.py:363: DeprecationWarning: 
          on_event is deprecated, use lifespan event handlers instead.
  
          Read more about it in the
          [FastAPI docs for Lifespan Events](https://fastapi.tiangolo.com/advanced/events/).
          
    @app.on_event("startup")

tests/unit/test_bench_core_claim_api_layer.py::test_lightonocr_spawn_pinned_off_bench_claim
  /home/runner/work/_temp/ni54-56-fixture-venv/lib/python3.11/site-packages/fastapi/applications.py:4656: DeprecationWarning: 
          on_event is deprecated, use lifespan event handlers instead.
  
          Read more about it in the
          [FastAPI docs for Lifespan Events](https://fastapi.tiangolo.com/advanced/events/).
          
    return self.router.on_event(event_type)  # ty: ignore[deprecated]

-- Docs: https://docs.pytest.org/en/stable/how-to/capture-warnings.html
- generated xml file: /home/runner/work/epyc-root/epyc-root/app-fixtures/ni54-56-artifacts/37361602330/1/claim-api/original-pytest.xml -
======================== 14 passed, 3 warnings in 3.62s ========================
