{
  "structural": {
    "ntotal": 58281,
    "id_map_len": 58281,
    "desync": 0,
    "bad": 0
  },
  "sample_size": 12,
  "mean_cosine": 1.0000000496705372,
  "above_0_9": 12,
  "samples": [
    {
      "id": "309a4b17-c185-44ce-93a5-6b15ac14eeb4",
      "embedding_idx": 20511,
      "cosine": 1.0
    },
    {
      "id": "97e48bf8-9320-4b08-a5cc-b842ee02db84",
      "embedding_idx": 3753,
      "cosine": 1.0
    },
    {
      "id": "0aedd366-bb89-4122-9b16-de25defdfcb4",
      "embedding_idx": 46539,
      "cosine": 1.0
    },
    {
      "id": "52ac1c3f-401a-4504-85dd-594ef4581a50",
      "embedding_idx": 23807,
      "cosine": 1.0
    },
    {
      "id": "46293f33-78a3-4ccd-a4e0-edbdcf419bfa",
      "embedding_idx": 36872,
      "cosine": 1.0
    },
    {
      "id": "903a268a-9af6-4851-a06b-372349f01c29",
      "embedding_idx": 33658,
      "cosine": 1.0
    },
    {
      "id": "fc64f5ab-811c-4160-adea-a5a8d80e993e",
      "embedding_idx": 23147,
      "cosine": 1.0
    },
    {
      "id": "07678f33-6db1-4561-8608-3e39eb5c2d8e",
      "embedding_idx": 32197,
      "cosine": 1.0
    },
    {
      "id": "e0f390a3-9672-40a0-abbe-8870cae8e6d4",
      "embedding_idx": 25718,
      "cosine": 1.0
    },
    {
      "id": "aeb0fa0f-7357-4396-b53f-72a6af66fa1d",
      "embedding_idx": 16341,
      "cosine": 1.0
    },
    {
      "id": "8d425d36-ac29-475a-bf95-4a8f7554abc2",
      "embedding_idx": 4957,
      "cosine": 1.0
    },
    {
      "id": "6a7f5ec5-c2cf-4def-8ffd-fc185a5622bb",
      "embedding_idx": 41081,
      "cosine": 1.0
    }
  ]
}
