============================= test session starts ==============================
platform linux -- Python 3.11.14, pytest-9.0.3, pluggy-1.6.0
rootdir: /home/runner/work/epyc-root/epyc-root/app-baseline
configfile: pyproject.toml
plugins: asyncio-1.3.0, langsmith-0.7.30, timeout-2.4.0, anyio-4.13.0, hypothesis-6.151.13, cov-7.1.0, xdist-3.8.0
asyncio: mode=Mode.AUTO, debug=False, asyncio_default_fixture_loop_scope=None, asyncio_default_test_loop_scope=function
collected 7 items

<Dir app-baseline>
  <Package tests>
    <Package unit>
      <Module test_retrieval_encoder_onnx_threads.py>
        <Function test_encoder_bounds_the_intra_op_pool[src.retrieval.colbert_encoder-COLBERT_ENCODE_ONNX_THREADS-8]>
        <Function test_encoder_bounds_the_intra_op_pool[src.retrieval.cross_encoder-CROSS_ENCODER_ONNX_THREADS-16]>
        <Function test_env_override_reaches_session_options[src.retrieval.colbert_encoder-COLBERT_ENCODE_ONNX_THREADS-8]>
        <Function test_env_override_reaches_session_options[src.retrieval.cross_encoder-CROSS_ENCODER_ONNX_THREADS-16]>
        <Function test_bad_env_value_falls_back_instead_of_crashing[src.retrieval.colbert_encoder-COLBERT_ENCODE_ONNX_THREADS-8]>
        <Function test_bad_env_value_falls_back_instead_of_crashing[src.retrieval.cross_encoder-CROSS_ENCODER_ONNX_THREADS-16]>
        <Function test_the_two_defaults_are_not_silently_unified>

=============================== warnings summary ===============================
../../../_temp/ni61-thread-fixture-venv/lib/python3.11/site-packages/opentelemetry/util/_importlib_metadata.py:32
  /home/runner/work/_temp/ni61-thread-fixture-venv/lib/python3.11/site-packages/opentelemetry/util/_importlib_metadata.py:32: DeprecationWarning: SelectableGroups dict interface is deprecated. Use select.
    return EntryPoints(ep for group_eps in eps.values() for ep in group_eps)

-- Docs: https://docs.pytest.org/en/stable/how-to/capture-warnings.html
========================== 7 tests collected in 0.75s ==========================
