########## f16 2026-08-16T12:27:20+00:00 ##########
|    PP |     TG |    B |   N_KV |   T_PP s | S_PP t/s |   T_TG s | S_TG t/s |      T s |    S t/s |
|-------|--------|------|--------|----------|----------|----------|----------|----------|----------|
|   128 |    128 |    1 |    256 |    0.058 |  2201.73 |    2.046 |    62.56 |    2.104 |   121.66 |
|   128 |    128 |    2 |    512 |    0.093 |  2751.59 |    2.703 |    94.73 |    2.796 |   183.15 |
|   128 |    128 |    4 |   1024 |    0.171 |  2997.99 |    3.714 |   137.85 |    3.885 |   263.59 |
|   128 |    128 |    8 |   2048 |    0.338 |  3025.61 |    3.740 |   273.79 |    4.079 |   502.14 |
|   128 |    128 |   16 |   4096 |    0.664 |  3086.48 |    3.904 |   524.59 |    4.568 |   896.76 |
|   128 |    128 |   32 |   8192 |    1.324 |  3094.69 |    4.403 |   930.37 |    5.726 |  1430.64 |
rc=0
########## Q8_0 2026-08-16T12:27:45+00:00 ##########
|    PP |     TG |    B |   N_KV |   T_PP s | S_PP t/s |   T_TG s | S_TG t/s |      T s |    S t/s |
|-------|--------|------|--------|----------|----------|----------|----------|----------|----------|
|   128 |    128 |    1 |    256 |    0.063 |  2022.50 |    1.305 |    98.09 |    1.368 |   187.10 |
|   128 |    128 |    2 |    512 |    0.128 |  2003.38 |    2.472 |   103.56 |    2.600 |   196.94 |
|   128 |    128 |    4 |   1024 |    0.186 |  2757.85 |    2.451 |   208.91 |    2.637 |   388.39 |
|   128 |    128 |    8 |   2048 |    0.369 |  2775.52 |    2.592 |   395.13 |    2.961 |   691.77 |
|   128 |    128 |   16 |   4096 |    0.727 |  2815.26 |    2.780 |   736.66 |    3.508 |  1167.76 |
|   128 |    128 |   32 |   8192 |    1.454 |  2816.77 |    3.494 |  1172.18 |    4.948 |  1655.46 |
rc=0
########## Q6_K 2026-08-16T12:28:04+00:00 ##########
|    PP |     TG |    B |   N_KV |   T_PP s | S_PP t/s |   T_TG s | S_TG t/s |      T s |    S t/s |
|-------|--------|------|--------|----------|----------|----------|----------|----------|----------|
|   128 |    128 |    1 |    256 |    0.067 |  1903.74 |    1.412 |    90.63 |    1.480 |   173.01 |
|   128 |    128 |    2 |    512 |    0.144 |  1773.05 |    1.732 |   147.82 |    1.876 |   272.88 |
|   128 |    128 |    4 |   1024 |    0.203 |  2527.15 |    2.197 |   233.02 |    2.400 |   426.69 |
|   128 |    128 |    8 |   2048 |    0.402 |  2549.79 |    2.722 |   376.20 |    3.124 |   655.66 |
|   128 |    128 |   16 |   4096 |    0.791 |  2589.09 |    2.860 |   716.14 |    3.651 |  1121.95 |
|   128 |    128 |   32 |   8192 |    1.599 |  2561.59 |    3.625 |  1129.93 |    5.224 |  1568.14 |
rc=0
########## Q5_K_M 2026-08-16T12:28:23+00:00 ##########
|    PP |     TG |    B |   N_KV |   T_PP s | S_PP t/s |   T_TG s | S_TG t/s |      T s |    S t/s |
|-------|--------|------|--------|----------|----------|----------|----------|----------|----------|
|   128 |    128 |    1 |    256 |    0.053 |  2410.05 |    1.254 |   102.04 |    1.308 |   195.79 |
|   128 |    128 |    2 |    512 |    0.109 |  2354.46 |    1.634 |   156.69 |    1.742 |   293.83 |
|   128 |    128 |    4 |   1024 |    0.203 |  2522.01 |    2.291 |   223.50 |    2.494 |   410.62 |
|   128 |    128 |    8 |   2048 |    0.404 |  2533.26 |    2.407 |   425.48 |    2.811 |   728.58 |
|   128 |    128 |   16 |   4096 |    0.795 |  2574.82 |    2.614 |   783.42 |    3.410 |  1201.33 |
|   128 |    128 |   32 |   8192 |    1.590 |  2576.69 |    3.283 |  1247.72 |    4.872 |  1681.30 |
rc=0
########## Q4_K_M 2026-08-16T12:28:41+00:00 ##########
|    PP |     TG |    B |   N_KV |   T_PP s | S_PP t/s |   T_TG s | S_TG t/s |      T s |    S t/s |
|-------|--------|------|--------|----------|----------|----------|----------|----------|----------|
|   128 |    128 |    1 |    256 |    0.051 |  2522.22 |    1.188 |   107.74 |    1.239 |   206.65 |
|   128 |    128 |    2 |    512 |    0.113 |  2261.46 |    1.592 |   160.81 |    1.705 |   300.28 |
|   128 |    128 |    4 |   1024 |    0.202 |  2529.16 |    2.103 |   243.48 |    2.305 |   444.20 |
|   128 |    128 |    8 |   2048 |    0.402 |  2545.05 |    2.340 |   437.64 |    2.742 |   746.85 |
|   128 |    128 |   16 |   4096 |    0.795 |  2574.95 |    2.460 |   832.47 |    3.255 |  1258.18 |
|   128 |    128 |   32 |   8192 |    1.587 |  2581.73 |    3.125 |  1310.81 |    4.711 |  1738.79 |
rc=0
########## IQ4_XS 2026-08-16T12:28:58+00:00 ##########
|    PP |     TG |    B |   N_KV |   T_PP s | S_PP t/s |   T_TG s | S_TG t/s |      T s |    S t/s |
|-------|--------|------|--------|----------|----------|----------|----------|----------|----------|
|   128 |    128 |    1 |    256 |    0.055 |  2343.94 |    1.010 |   126.79 |    1.064 |   240.57 |
|   128 |    128 |    2 |    512 |    0.144 |  1775.51 |    1.215 |   210.72 |    1.359 |   376.74 |
|   128 |    128 |    4 |   1024 |    0.204 |  2510.28 |    1.717 |   298.15 |    1.921 |   532.99 |
|   128 |    128 |    8 |   2048 |    0.405 |  2528.22 |    2.507 |   408.52 |    2.912 |   703.39 |
|   128 |    128 |   16 |   4096 |    0.798 |  2567.01 |    2.338 |   876.05 |    3.136 |  1306.29 |
|   128 |    128 |   32 |   8192 |    1.591 |  2575.11 |    3.095 |  1323.60 |    4.685 |  1748.48 |
rc=0
########## IQ3_XXS 2026-08-16T12:29:14+00:00 ##########
|    PP |     TG |    B |   N_KV |   T_PP s | S_PP t/s |   T_TG s | S_TG t/s |      T s |    S t/s |
|-------|--------|------|--------|----------|----------|----------|----------|----------|----------|
|   128 |    128 |    1 |    256 |    0.068 |  1881.74 |    1.696 |    75.47 |    1.764 |   145.13 |
|   128 |    128 |    2 |    512 |    0.146 |  1756.19 |    1.992 |   128.54 |    2.137 |   239.55 |
|   128 |    128 |    4 |   1024 |    0.209 |  2454.25 |    2.550 |   200.77 |    2.759 |   371.18 |
|   128 |    128 |    8 |   2048 |    0.409 |  2503.73 |    3.727 |   274.74 |    4.136 |   495.15 |
|   128 |    128 |   16 |   4096 |    0.800 |  2558.97 |    3.359 |   609.69 |    4.159 |   984.76 |
|   128 |    128 |   32 |   8192 |    1.590 |  2575.69 |    4.042 |  1013.43 |    5.632 |  1454.55 |
rc=0
########## IQ2_XXS 2026-08-16T12:29:35+00:00 ##########
|    PP |     TG |    B |   N_KV |   T_PP s | S_PP t/s |   T_TG s | S_TG t/s |      T s |    S t/s |
|-------|--------|------|--------|----------|----------|----------|----------|----------|----------|
|   128 |    128 |    1 |    256 |    0.070 |  1815.73 |    1.537 |    83.30 |    1.607 |   159.30 |
|   128 |    128 |    2 |    512 |    0.144 |  1783.75 |    1.795 |   142.58 |    1.939 |   264.06 |
|   128 |    128 |    4 |   1024 |    0.203 |  2526.50 |    2.233 |   229.24 |    2.436 |   420.34 |
|   128 |    128 |    8 |   2048 |    0.402 |  2546.68 |    3.546 |   288.76 |    3.948 |   518.71 |
|   128 |    128 |   16 |   4096 |    0.792 |  2584.66 |    2.854 |   717.66 |    3.646 |  1123.39 |
|   128 |    128 |   32 |   8192 |    1.582 |  2589.81 |    3.530 |  1160.23 |    5.112 |  1602.53 |
rc=0
NP SWEEP DONE 2026-08-16T12:29:55+00:00
