============================= test session starts ==============================
platform linux -- Python 3.11.14, pytest-9.0.3, pluggy-1.6.0 -- /home/runner/work/_temp/ni63-66-37381716978-1-ni64-design-archive/venv/bin/python
hypothesis profile 'ci' -> database=None, deadline=None, print_blob=True, derandomize=True, suppress_health_check=(HealthCheck.too_slow,)
rootdir: /home/runner/work/epyc-root/epyc-root/app-fixtures
configfile: pyproject.toml
plugins: asyncio-1.3.0, langsmith-0.7.30, timeout-2.4.0, anyio-4.13.0, hypothesis-6.151.13, cov-7.1.0, xdist-3.8.0
asyncio: mode=Mode.AUTO, debug=False, asyncio_default_fixture_loop_scope=None, asyncio_default_test_loop_scope=function
collecting ... collected 16 items

tests/unit/test_design_archive.py::TestDesignCandidate::test_default_creates_baseline PASSED [  6%]
tests/unit/test_design_archive.py::TestDesignCandidate::test_json_round_trip PASSED [ 12%]
tests/unit/test_design_archive.py::TestDesignCandidate::test_json_round_trip_custom_config PASSED [ 18%]
tests/unit/test_design_archive.py::TestDesignCandidate::test_json_round_trip_no_staged PASSED [ 25%]
tests/unit/test_design_archive.py::TestDesignArchive::test_store_and_retrieve PASSED [ 31%]
tests/unit/test_design_archive.py::TestDesignArchive::test_store_without_metrics PASSED [ 37%]
tests/unit/test_design_archive.py::TestDesignArchive::test_upsert_overwrites PASSED [ 43%]
tests/unit/test_design_archive.py::TestDesignArchive::test_top_candidates_sorted PASSED [ 50%]
tests/unit/test_design_archive.py::TestDesignArchive::test_get_lineage PASSED [ 56%]
tests/unit/test_design_archive.py::TestDesignArchive::test_get_lineage_single PASSED [ 62%]
tests/unit/test_design_archive.py::TestDesignArchive::test_get_lineage_missing PASSED [ 68%]
tests/unit/test_design_archive.py::TestDesignArchive::test_get_baseline PASSED [ 75%]
tests/unit/test_design_archive.py::TestDesignArchive::test_get_baseline_none PASSED [ 81%]
tests/unit/test_design_archive.py::TestDesignArchive::test_sample_for_reflection PASSED [ 87%]
tests/unit/test_design_archive.py::TestDesignArchive::test_sample_for_reflection_small_archive PASSED [ 93%]
tests/unit/test_design_archive.py::TestDesignArchive::test_count PASSED  [100%]

=============================== warnings summary ===============================
../../../_temp/ni63-66-37381716978-1-ni64-design-archive/venv/lib/python3.11/site-packages/opentelemetry/util/_importlib_metadata.py:32
  /home/runner/work/_temp/ni63-66-37381716978-1-ni64-design-archive/venv/lib/python3.11/site-packages/opentelemetry/util/_importlib_metadata.py:32: DeprecationWarning: SelectableGroups dict interface is deprecated. Use select.
    return EntryPoints(ep for group_eps in eps.values() for ep in group_eps)

-- Docs: https://docs.pytest.org/en/stable/how-to/capture-warnings.html
- generated xml file: /home/runner/work/_temp/ni63-66-37381716978-1-ni64-design-archive/original-pytest.xml -
================== 16 passed, 1 warning in 264.60s (0:04:24) ===================
